                                     | Core 0    
  Instructions                       |     184499
  Cycles                             |     397936
  IPC                                |       0.46
  Time (ns)                          |     149600
  Idle time (ns)                     |         53
  Idle time (%)                      |       0.0%
Branch predictor stats               |           
  num correct                        |      33798
  num incorrect                      |       1980
  misprediction rate                 |      5.53%
  mpki                               |      10.73
TLB Summary                          |           
  I-TLB                              |           
    num accesses                     |      17113
    num misses                       |         67
    miss rate                        |      0.39%
    mpki                             |       0.36
  D-TLB                              |           
    num accesses                     |      58832
    num misses                       |         99
    miss rate                        |      0.17%
    mpki                             |       0.54
  L2 TLB                             |           
    num accesses                     |        166
    num misses                       |        137
    miss rate                        |     82.53%
    mpki                             |       0.74
Cache Summary                        |           
  Cache L1-I                         |           
    num cache accesses               |      17113
    num cache misses                 |       1173
    miss rate                        |      6.85%
    mpki                             |       6.36
  Cache L1-D                         |           
    num cache accesses               |      58832
    num cache misses                 |       1689
    miss rate                        |      2.87%
    mpki                             |       9.15
  Cache L2                           |           
    num cache accesses               |       3107
    num cache misses                 |       2554
    miss rate                        |     82.20%
    mpki                             |      13.84
  Cache L3                           |           
    num cache accesses               |       2800
    num cache misses                 |       2551
    miss rate                        |     91.11%
    mpki                             |      13.83
DRAM summary                         |           
  num dram accesses                  |       2551
  average dram access latency (ns)   |      56.26
  average dram queueing delay        |       2.83
  average dram bandwidth utilization |     14.00%
Coherency Traffic                    |           
  num loads from dram                |       1145
  num loads from dram cache          |          0
  num loads from remote cache        |          0
